// Jest Snapshot v1, https://goo.gl/fbAQLP

exports[`Popup should render correctly 1`] = `
<div>
  <section
    class="error"
  >
    <div
      class="error__inner"
    >
      <h1
        class="error__title"
      >
        Data loading error
      </h1>
      <button
        class="error__button button"
      >
        Close
      </button>
    </div>
  </section>
</div>
`;
